../Core/Src/main.c:82:5:main	8	static
../Core/Src/main.c:133:6:SystemClock_Config	96	static
../Core/Src/main.c:184:13:MX_ADC1_Init	32	static
../Core/Src/main.c:242:13:MX_I2C1_Init	8	static
../Core/Src/main.c:290:13:MX_LPUART1_UART_Init	8	static
../Core/Src/main.c:338:13:MX_UART5_Init	8	static
../Core/Src/main.c:386:13:MX_SPI1_Init	8	static
../Core/Src/main.c:426:13:MX_TIM16_Init	8	static
../Core/Src/main.c:456:13:MX_DMA_Init	16	static
../Core/Src/main.c:475:13:MX_GPIO_Init	64	static
../Core/Src/main.c:696:6:Error_Handler	4	static,ignoring_inline_asm
